// Jest Snapshot v1, https://goo.gl/fbAQLP

exports[`Pruebas al componente <AppRouter /> Debe mostrarse correctamente 1`] = `
Array [
  <nav
    className="navbar navbar-expand-lg navbar-dark bg-dark"
  >
    <div
      className="container-fluid"
    >
      <ul
        className="navbar-nav me-auto mb-2 mb-lg-0"
      >
        <li
          className="nav-item"
          key="0"
        >
          <a
            aria-current="page"
            className="nav-link active"
            href="/"
            onClick={[Function]}
            style={Object {}}
          >
            Home
          </a>
        </li>
        <li
          className="nav-item"
          key="1"
        >
          <a
            aria-current={null}
            className="nav-link"
            href="/about"
            onClick={[Function]}
          >
            About
          </a>
        </li>
        <li
          className="nav-item"
          key="2"
        >
          <a
            aria-current={null}
            className="nav-link"
            href="/login"
            onClick={[Function]}
          >
            Login
          </a>
        </li>
      </ul>
    </div>
  </nav>,
  <div
    className="container mt-3"
  >
    Array [
      <h2>
        Home Screen
      </h2>,
      <hr />,
      <pre
        className="container"
      >
        {
     "name": "test",
     "email": "mail"
}
      </pre>,
    ]
  </div>,
]
`;
